This is pdfTeX, Version 3.141592653-2.6-1.40.25 (MiKTeX 24.1) (preloaded format=pdflatex.fmt)
 restricted \write18 enabled.
entering extended mode
(Main.tex
LaTeX2e <2023-11-01> patch level 1
L3 programming layer <2024-01-04>
(C:\Users\standard\AppData\Local\Programs\MiKTeX\tex/latex/base\article.cls
Document Class: article 2023/05/17 v1.4n Standard LaTeX document class
(C:\Users\standard\AppData\Local\Programs\MiKTeX\tex/latex/base\size11.clo))
(C:\Users\standard\AppData\Local\Programs\MiKTeX\tex/latex/base\inputenc.sty)
(C:\Users\standard\AppData\Local\Programs\MiKTeX\tex/latex/base\fontenc.sty)
(C:\Users\standard\AppData\Local\Programs\MiKTeX\tex/generic/babel\babel.sty
(C:\Users\standard\AppData\Local\Programs\MiKTeX\tex/generic/babel\txtbabel.def
)
*************************************
* Local config file bblopts.cfg used
*
(C:\Users\standard\AppData\Local\Programs\MiKTeX\tex/latex/arabi\bblopts.cfg)
(C:\Program Files\MiKTeX\tex/latex/babel-italian\italian.ldf))
(C:\Users\standard\AppData\Local\Programs\MiKTeX\tex/generic/babel/locale/it\ba
bel-italian.tex)
(C:\Users\standard\AppData\Local\Programs\MiKTeX\tex/latex/etoolbox\etoolbox.st
y) (C:\Program Files\MiKTeX\tex/latex/geometry\geometry.sty
(C:\Users\standard\AppData\Local\Programs\MiKTeX\tex/latex/graphics\keyval.sty)
 (C:\Users\standard\AppData\Local\Programs\MiKTeX\tex/generic/iftex\ifvtex.sty
(C:\Users\standard\AppData\Local\Programs\MiKTeX\tex/generic/iftex\iftex.sty))
(C:\Program Files\MiKTeX\tex/latex/geometry\geometry.cfg))
(C:\Users\standard\AppData\Local\Programs\MiKTeX\tex/latex/amsmath\amsmath.sty
For additional information on amsmath, use the `?' option.
(C:\Users\standard\AppData\Local\Programs\MiKTeX\tex/latex/amsmath\amstext.sty
(C:\Users\standard\AppData\Local\Programs\MiKTeX\tex/latex/amsmath\amsgen.sty))
 (C:\Users\standard\AppData\Local\Programs\MiKTeX\tex/latex/amsmath\amsbsy.sty)
 (C:\Users\standard\AppData\Local\Programs\MiKTeX\tex/latex/amsmath\amsopn.sty)
)
(C:\Users\standard\AppData\Local\Programs\MiKTeX\tex/latex/amsfonts\amssymb.sty

(C:\Users\standard\AppData\Local\Programs\MiKTeX\tex/latex/amsfonts\amsfonts.st
y)) (C:\Program Files\MiKTeX\tex/latex/amscls\amsthm.sty)
(C:\Program Files\MiKTeX\tex/latex/mathtools\mathtools.sty
(C:\Users\standard\AppData\Local\Programs\MiKTeX\tex/latex/tools\calc.sty)
(C:\Program Files\MiKTeX\tex/latex/mathtools\mhsetup.sty))
(C:\Program Files\MiKTeX\tex/latex/cancel\cancel.sty)
(C:\Users\standard\AppData\Local\Programs\MiKTeX\tex/latex/tools\bm.sty)
(C:\Program Files\MiKTeX\tex/latex/newtx\newtxtext.sty
`newtxtext' v1.744, 2024/04/01 Text macros taking advantage of TeXGyre Termes a
nd its extensions (msharpe)
(C:\Program Files\MiKTeX\tex/latex/xpatch\xpatch.sty
(C:\Users\standard\AppData\Local\Programs\MiKTeX\tex/latex/l3kernel\expl3.sty
(C:\Users\standard\AppData\Local\Programs\MiKTeX\tex/latex/l3backend\l3backend-
pdftex.def))
(C:\Users\standard\AppData\Local\Programs\MiKTeX\tex/latex/l3packages/xparse\xp
arse.sty))
(C:\Users\standard\AppData\Local\Programs\MiKTeX\tex/latex/xcolor\xcolor.sty
(C:\Users\standard\AppData\Local\Programs\MiKTeX\tex/latex/graphics-cfg\color.c
fg)
(C:\Users\standard\AppData\Local\Programs\MiKTeX\tex/latex/graphics-def\pdftex.
def)
(C:\Users\standard\AppData\Local\Programs\MiKTeX\tex/latex/graphics\mathcolor.l
tx))
(C:\Users\standard\AppData\Local\Programs\MiKTeX\tex/latex/xkeyval\xkeyval.sty
(C:\Users\standard\AppData\Local\Programs\MiKTeX\tex/generic/xkeyval\xkeyval.te
x
(C:\Users\standard\AppData\Local\Programs\MiKTeX\tex/generic/xkeyval\xkvutils.t
ex)))
(C:\Users\standard\AppData\Local\Programs\MiKTeX\tex/latex/base\textcomp.sty)
(C:\Program Files\MiKTeX\tex/latex/xstring\xstring.sty
(C:\Program Files\MiKTeX\tex/generic/xstring\xstring.tex))
(C:\Users\standard\AppData\Local\Programs\MiKTeX\tex/latex/base\ifthen.sty)
(C:\Program Files\MiKTeX\tex/latex/carlisle\scalefnt.sty)
(C:\Program Files\MiKTeX\tex/generic/binhex\binhex.tex)
(C:\Program Files\MiKTeX\tex/latex/fontaxes\fontaxes.sty
(C:\Program Files\MiKTeX\tex/latex/fontaxes\fontaxes-v1.sty)))
(C:\Program Files\MiKTeX\tex/latex/newtx\newtxmath.sty
`newtxmath' v1.754, 2024/09/22 Math macros based originally on txfonts (msharpe
)
(C:\Users\standard\AppData\Local\Programs\MiKTeX\tex/latex/oberdiek\centernot.s
ty) (C:\Program Files\MiKTeX\tex/generic/binhex\binhex.tex)
amsthm NOT loaded
) (C:\Program Files\MiKTeX\tex/latex/siunitx\siunitx.sty
(C:\Program Files\MiKTeX\tex/latex/translations\translations.sty
(C:\Users\standard\AppData\Local\Programs\MiKTeX\tex/generic/pdftexcmds\pdftexc
mds.sty (C:\Program Files\MiKTeX\tex/generic/infwarerr\infwarerr.sty)
(C:\Program Files\MiKTeX\tex/generic/ltxcmds\ltxcmds.sty)))
(C:\Users\standard\AppData\Local\Programs\MiKTeX\tex/latex/tools\array.sty))
(C:\Users\standard\AppData\Local\Programs\MiKTeX\tex/latex/graphics\graphicx.st
y
(C:\Users\standard\AppData\Local\Programs\MiKTeX\tex/latex/graphics\graphics.st
y (C:\Users\standard\AppData\Local\Programs\MiKTeX\tex/latex/graphics\trig.sty)

(C:\Users\standard\AppData\Local\Programs\MiKTeX\tex/latex/graphics-cfg\graphic
s.cfg)))

! LaTeX Error: File `float.sty' not found.

Type X to quit or <RETURN> to proceed,
or enter new name. (Default extension: sty)

Enter file name: 
Main.tex:13: Emergency stop.
<read *> 
         
l.13 \pgfplotsset
                 {compat=1.18}^^M
Main.tex:13:  ==> Fatal error occurred, no output PDF file produced!
Transcript written on Main.log.
